2025-06-13 21:25:51,501 - INFO - 데이터베이스 초기화 완료
2025-06-13 21:25:51,501 - INFO - 크롤링 시작: 2025-06-06 ~ 2025-06-13
2025-06-13 21:25:51,502 - INFO - 크롤링 시작: 2025-06-06
2025-06-13 21:25:51,596 - INFO - 게임 목록 API 호출: 20250606
2025-06-13 21:25:51,651 - ERROR - JSON 파싱 오류: Extra data: line 336 column 2 (char 8428)
2025-06-13 21:25:54,656 - INFO - 크롤링 시작: 2025-06-07
2025-06-13 21:25:54,716 - INFO - 게임 목록 API 호출: 20250607
2025-06-13 21:25:54,778 - ERROR - JSON 파싱 오류: Extra data: line 336 column 2 (char 8426)
2025-06-13 21:25:57,783 - INFO - 크롤링 시작: 2025-06-08
2025-06-13 21:25:57,838 - INFO - 게임 목록 API 호출: 20250608
2025-06-13 21:25:57,896 - ERROR - JSON 파싱 오류: Extra data: line 336 column 2 (char 8423)
2025-06-13 21:26:00,901 - INFO - 크롤링 시작: 2025-06-09
2025-06-13 21:26:00,963 - INFO - 게임 목록 API 호출: 20250609
2025-06-13 21:26:01,011 - ERROR - JSON 파싱 오류: Extra data: line 5 column 2 (char 52)
2025-06-13 21:26:04,015 - INFO - 크롤링 시작: 2025-06-10
2025-06-13 21:26:04,064 - INFO - 게임 목록 API 호출: 20250610
2025-06-13 21:26:04,120 - ERROR - JSON 파싱 오류: Extra data: line 336 column 2 (char 8422)
2025-06-13 21:26:07,125 - INFO - 크롤링 시작: 2025-06-11
2025-06-13 21:26:07,183 - INFO - 게임 목록 API 호출: 20250611
2025-06-13 21:26:07,241 - ERROR - JSON 파싱 오류: Extra data: line 336 column 2 (char 8432)
2025-06-13 21:26:10,247 - INFO - 크롤링 시작: 2025-06-12
2025-06-13 21:26:10,312 - INFO - 게임 목록 API 호출: 20250612
2025-06-13 21:26:10,354 - ERROR - JSON 파싱 오류: Extra data: line 336 column 2 (char 8434)
2025-06-13 21:26:13,359 - INFO - 크롤링 시작: 2025-06-13
2025-06-13 21:26:13,415 - INFO - 게임 목록 API 호출: 20250613
2025-06-13 21:26:13,454 - ERROR - JSON 파싱 오류: Extra data: line 336 column 2 (char 8388)
2025-06-13 21:26:16,460 - WARNING - 수집된 경기 데이터가 없습니다.
2025-06-13 21:26:16,461 - INFO - 크롤링 완료
2025-06-13 21:28:15,877 - INFO - 데이터베이스 초기화 완료
2025-06-13 21:28:15,879 - INFO - 크롤링 시작: 2025-06-06 ~ 2025-06-13
2025-06-13 21:28:15,880 - INFO - 크롤링 시작: 2025-06-06
2025-06-13 21:28:15,959 - INFO - 게임 목록 API 호출: 20250606
2025-06-13 21:28:16,040 - ERROR - JSON 파싱 오류: Extra data: line 336 column 2 (char 8428)
2025-06-13 21:28:19,041 - INFO - 크롤링 시작: 2025-06-07
2025-06-13 21:28:19,102 - INFO - 게임 목록 API 호출: 20250607
2025-06-13 21:28:19,152 - ERROR - JSON 파싱 오류: Extra data: line 336 column 2 (char 8426)
2025-06-13 21:28:22,154 - INFO - 크롤링 시작: 2025-06-08
2025-06-13 21:28:22,210 - INFO - 게임 목록 API 호출: 20250608
2025-06-13 21:28:22,274 - ERROR - JSON 파싱 오류: Extra data: line 336 column 2 (char 8423)
2025-06-13 21:28:25,277 - INFO - 크롤링 시작: 2025-06-09
2025-06-13 21:28:25,333 - INFO - 게임 목록 API 호출: 20250609
2025-06-13 21:28:25,383 - ERROR - JSON 파싱 오류: Extra data: line 5 column 2 (char 52)
2025-06-13 21:28:28,388 - INFO - 크롤링 시작: 2025-06-10
2025-06-13 21:28:28,441 - INFO - 게임 목록 API 호출: 20250610
2025-06-13 21:28:28,495 - ERROR - JSON 파싱 오류: Extra data: line 336 column 2 (char 8422)
2025-06-13 21:28:31,501 - INFO - 크롤링 시작: 2025-06-11
2025-06-13 21:28:31,557 - INFO - 게임 목록 API 호출: 20250611
2025-06-13 21:28:31,606 - ERROR - JSON 파싱 오류: Extra data: line 336 column 2 (char 8432)
2025-06-13 21:28:34,613 - INFO - 크롤링 시작: 2025-06-12
2025-06-13 21:28:34,684 - INFO - 게임 목록 API 호출: 20250612
2025-06-13 21:28:34,744 - ERROR - JSON 파싱 오류: Extra data: line 336 column 2 (char 8434)
2025-06-13 21:28:37,749 - INFO - 크롤링 시작: 2025-06-13
2025-06-13 21:28:37,806 - INFO - 게임 목록 API 호출: 20250613
2025-06-13 21:28:37,848 - ERROR - JSON 파싱 오류: Extra data: line 336 column 2 (char 8388)
2025-06-13 21:28:40,849 - WARNING - 수집된 경기 데이터가 없습니다.
2025-06-13 21:28:40,849 - INFO - 크롤링 완료
2025-06-13 21:29:42,040 - INFO - 데이터베이스 초기화 완료
2025-06-13 21:29:42,040 - INFO - 크롤링 시작: 2025-06-06 ~ 2025-06-13
2025-06-13 21:29:42,041 - INFO - 크롤링 시작: 2025-06-06
2025-06-13 21:29:42,118 - INFO - 게임 목록 API 호출: 20250606
2025-06-13 21:29:42,173 - ERROR - JSON 파싱 오류: Extra data: line 336 column 2 (char 8428)
2025-06-13 21:29:42,173 - ERROR - 응답 앞 500자: {
  "game": [
    {
      "LE_ID": 1,
      "SR_ID": 0,
      "SEASON_ID": 2025,
      "G_DT": "20250606",
      "G_DT_TXT": "2025년 6월 6일",
      "G_ID": "20250606LTOB0",
      "HEADER_NO": 0,
      "G_TM": "17:00",
      "S_NM": "잠실",
      "AWAY_ID": "LT",
      "HOME_ID": "OB",
      "AWAY_NM": "롯데",
      "HOME_NM": "두산",
      "T_PIT_P_ID": 67539,
      "T_PIT_P_NM": "나균안 ",
      "B_PIT_P_ID": 55239,
      "B_PIT_P_NM": "잭로그 ",
      "W_PIT_P_ID": 55239,
      "W_PIT_P
2025-06-13 21:29:42,173 - ERROR - 응답 뒤 500자: ffffcc">
               <tr>
                  <td>
                      <code><pre>

&lt;!-- Web.Config 구성 파일 --&gt;

&lt;configuration&gt;
    &lt;system.web&gt;
        &lt;customErrors mode=&quot;RemoteOnly&quot; defaultRedirect=&quot;mycustompage.htm&quot;/&gt;
    &lt;/system.web&gt;
&lt;/configuration&gt;</pre>                      </code>

                  </td>
               </tr>
            </table>

            <br>

            </font>

    </body>
</html>

2025-06-13 21:29:45,178 - INFO - 크롤링 시작: 2025-06-07
2025-06-13 21:29:45,246 - INFO - 게임 목록 API 호출: 20250607
2025-06-13 21:29:45,331 - ERROR - JSON 파싱 오류: Extra data: line 336 column 2 (char 8426)
2025-06-13 21:29:45,331 - ERROR - 응답 앞 500자: {
  "game": [
    {
      "LE_ID": 1,
      "SR_ID": 0,
      "SEASON_ID": 2025,
      "G_DT": "20250607",
      "G_DT_TXT": "2025년 6월 7일",
      "G_ID": "20250607LTOB0",
      "HEADER_NO": 0,
      "G_TM": "17:00",
      "S_NM": "잠실",
      "AWAY_ID": "LT",
      "HOME_ID": "OB",
      "AWAY_NM": "롯데",
      "HOME_NM": "두산",
      "T_PIT_P_ID": 52530,
      "T_PIT_P_NM": "이민석 ",
      "B_PIT_P_ID": 51264,
      "B_PIT_P_NM": "최승용 ",
      "W_PIT_P_ID": 52530,
      "W_PIT_P
2025-06-13 21:29:45,331 - ERROR - 응답 뒤 500자: ffffcc">
               <tr>
                  <td>
                      <code><pre>

&lt;!-- Web.Config 구성 파일 --&gt;

&lt;configuration&gt;
    &lt;system.web&gt;
        &lt;customErrors mode=&quot;RemoteOnly&quot; defaultRedirect=&quot;mycustompage.htm&quot;/&gt;
    &lt;/system.web&gt;
&lt;/configuration&gt;</pre>                      </code>

                  </td>
               </tr>
            </table>

            <br>

            </font>

    </body>
</html>

2025-06-13 21:29:48,334 - INFO - 크롤링 시작: 2025-06-08
2025-06-13 21:29:48,392 - INFO - 게임 목록 API 호출: 20250608
2025-06-13 21:29:48,445 - ERROR - JSON 파싱 오류: Extra data: line 336 column 2 (char 8423)
2025-06-13 21:29:48,445 - ERROR - 응답 앞 500자: {
  "game": [
    {
      "LE_ID": 1,
      "SR_ID": 0,
      "SEASON_ID": 2025,
      "G_DT": "20250608",
      "G_DT_TXT": "2025년 6월 8일",
      "G_ID": "20250608LGWO0",
      "HEADER_NO": 0,
      "G_TM": "14:00",
      "S_NM": "고척",
      "AWAY_ID": "LG",
      "HOME_ID": "WO",
      "AWAY_NM": "LG",
      "HOME_NM": "키움",
      "T_PIT_P_ID": 51111,
      "T_PIT_P_NM": "송승기 ",
      "B_PIT_P_ID": 55313,
      "B_PIT_P_NM": "정현우 ",
      "W_PIT_P_ID": 51111,
      "W_PIT_P
2025-06-13 21:29:48,446 - ERROR - 응답 뒤 500자: ffffcc">
               <tr>
                  <td>
                      <code><pre>

&lt;!-- Web.Config 구성 파일 --&gt;

&lt;configuration&gt;
    &lt;system.web&gt;
        &lt;customErrors mode=&quot;RemoteOnly&quot; defaultRedirect=&quot;mycustompage.htm&quot;/&gt;
    &lt;/system.web&gt;
&lt;/configuration&gt;</pre>                      </code>

                  </td>
               </tr>
            </table>

            <br>

            </font>

    </body>
</html>

2025-06-13 21:29:51,450 - INFO - 크롤링 시작: 2025-06-09
2025-06-13 21:29:51,508 - INFO - 게임 목록 API 호출: 20250609
2025-06-13 21:29:51,580 - ERROR - JSON 파싱 오류: Extra data: line 5 column 2 (char 52)
2025-06-13 21:29:51,580 - ERROR - 응답 앞 500자: {
  "game": [],
  "code": "100",
  "msg": "성공"
}<!DOCTYPE html>
<html>
    <head>
        <title>런타임 오류</title>
        <meta name="viewport" content="width=device-width" />
        <style>
         body {font-family:"Verdana";font-weight:normal;font-size: .7em;color:black;} 
         p {font-family:"Verdana";font-weight:normal;color:black;margin-top: -5px}
         b {font-family:"Verdana";font-weight:bold;color:black;margin-top: -5px}
         H1 { font-family:"Verdana";font-weigh
2025-06-13 21:29:51,580 - ERROR - 응답 뒤 500자: ffffcc">
               <tr>
                  <td>
                      <code><pre>

&lt;!-- Web.Config 구성 파일 --&gt;

&lt;configuration&gt;
    &lt;system.web&gt;
        &lt;customErrors mode=&quot;RemoteOnly&quot; defaultRedirect=&quot;mycustompage.htm&quot;/&gt;
    &lt;/system.web&gt;
&lt;/configuration&gt;</pre>                      </code>

                  </td>
               </tr>
            </table>

            <br>

            </font>

    </body>
</html>

2025-06-13 21:29:54,582 - INFO - 크롤링 시작: 2025-06-10
2025-06-13 21:29:54,634 - INFO - 게임 목록 API 호출: 20250610
2025-06-13 21:29:54,686 - ERROR - JSON 파싱 오류: Extra data: line 336 column 2 (char 8422)
2025-06-13 21:29:54,687 - ERROR - 응답 앞 500자: {
  "game": [
    {
      "LE_ID": 1,
      "SR_ID": 0,
      "SEASON_ID": 2025,
      "G_DT": "20250610",
      "G_DT_TXT": "2025년 6월 10일",
      "G_ID": "20250610SKLG0",
      "HEADER_NO": 0,
      "G_TM": "18:30",
      "S_NM": "잠실",
      "AWAY_ID": "SK",
      "HOME_ID": "LG",
      "AWAY_NM": "SSG",
      "HOME_NM": "LG",
      "T_PIT_P_ID": 51867,
      "T_PIT_P_NM": "김건우 ",
      "B_PIT_P_ID": 67143,
      "B_PIT_P_NM": "손주영 ",
      "W_PIT_P_ID": 50812,
      "W_PIT
2025-06-13 21:29:54,687 - ERROR - 응답 뒤 500자: ffffcc">
               <tr>
                  <td>
                      <code><pre>

&lt;!-- Web.Config 구성 파일 --&gt;

&lt;configuration&gt;
    &lt;system.web&gt;
        &lt;customErrors mode=&quot;RemoteOnly&quot; defaultRedirect=&quot;mycustompage.htm&quot;/&gt;
    &lt;/system.web&gt;
&lt;/configuration&gt;</pre>                      </code>

                  </td>
               </tr>
            </table>

            <br>

            </font>

    </body>
</html>

2025-06-13 21:29:57,688 - INFO - 크롤링 시작: 2025-06-11
2025-06-13 21:29:57,744 - INFO - 게임 목록 API 호출: 20250611
2025-06-13 21:29:57,799 - ERROR - JSON 파싱 오류: Extra data: line 336 column 2 (char 8432)
2025-06-13 21:29:57,799 - ERROR - 응답 앞 500자: {
  "game": [
    {
      "LE_ID": 1,
      "SR_ID": 0,
      "SEASON_ID": 2025,
      "G_DT": "20250611",
      "G_DT_TXT": "2025년 6월 11일",
      "G_ID": "20250611SKLG0",
      "HEADER_NO": 0,
      "G_TM": "18:30",
      "S_NM": "잠실",
      "AWAY_ID": "SK",
      "HOME_ID": "LG",
      "AWAY_NM": "SSG",
      "HOME_NM": "LG",
      "T_PIT_P_ID": 55855,
      "T_PIT_P_NM": "화이트 ",
      "B_PIT_P_ID": 54119,
      "B_PIT_P_NM": "에르난데스 ",
      "W_PIT_P_ID": 53139,
      "W_P
2025-06-13 21:29:57,799 - ERROR - 응답 뒤 500자: ffffcc">
               <tr>
                  <td>
                      <code><pre>

&lt;!-- Web.Config 구성 파일 --&gt;

&lt;configuration&gt;
    &lt;system.web&gt;
        &lt;customErrors mode=&quot;RemoteOnly&quot; defaultRedirect=&quot;mycustompage.htm&quot;/&gt;
    &lt;/system.web&gt;
&lt;/configuration&gt;</pre>                      </code>

                  </td>
               </tr>
            </table>

            <br>

            </font>

    </body>
</html>

2025-06-13 21:30:00,804 - INFO - 크롤링 시작: 2025-06-12
2025-06-13 21:30:00,856 - INFO - 게임 목록 API 호출: 20250612
2025-06-13 21:30:00,912 - ERROR - JSON 파싱 오류: Extra data: line 336 column 2 (char 8434)
2025-06-13 21:30:00,913 - ERROR - 응답 앞 500자: {
  "game": [
    {
      "LE_ID": 1,
      "SR_ID": 0,
      "SEASON_ID": 2025,
      "G_DT": "20250612",
      "G_DT_TXT": "2025년 6월 12일",
      "G_ID": "20250612SKLG0",
      "HEADER_NO": 0,
      "G_TM": "18:30",
      "S_NM": "잠실",
      "AWAY_ID": "SK",
      "HOME_ID": "LG",
      "AWAY_NM": "SSG",
      "HOME_NM": "LG",
      "T_PIT_P_ID": 52809,
      "T_PIT_P_NM": "전영준 ",
      "B_PIT_P_ID": 55146,
      "B_PIT_P_NM": "치리노스 ",
      "W_PIT_P_ID": 55146,
      "W_PI
2025-06-13 21:30:00,913 - ERROR - 응답 뒤 500자: ffffcc">
               <tr>
                  <td>
                      <code><pre>

&lt;!-- Web.Config 구성 파일 --&gt;

&lt;configuration&gt;
    &lt;system.web&gt;
        &lt;customErrors mode=&quot;RemoteOnly&quot; defaultRedirect=&quot;mycustompage.htm&quot;/&gt;
    &lt;/system.web&gt;
&lt;/configuration&gt;</pre>                      </code>

                  </td>
               </tr>
            </table>

            <br>

            </font>

    </body>
</html>

2025-06-13 21:30:03,914 - INFO - 크롤링 시작: 2025-06-13
2025-06-13 21:30:03,974 - INFO - 게임 목록 API 호출: 20250613
2025-06-13 21:30:04,036 - ERROR - JSON 파싱 오류: Extra data: line 336 column 2 (char 8388)
2025-06-13 21:30:04,036 - ERROR - 응답 앞 500자: {
  "game": [
    {
      "LE_ID": 1,
      "SR_ID": 0,
      "SEASON_ID": 2025,
      "G_DT": "20250613",
      "G_DT_TXT": "2025년 6월 13일",
      "G_ID": "20250613WOOB0",
      "HEADER_NO": 0,
      "G_TM": "18:30",
      "S_NM": "잠실",
      "AWAY_ID": "WO",
      "HOME_ID": "OB",
      "AWAY_NM": "키움",
      "HOME_NM": "두산",
      "T_PIT_P_ID": 69045,
      "T_PIT_P_NM": "알칸타라 ",
      "B_PIT_P_ID": 51264,
      "B_PIT_P_NM": "최승용 ",
      "W_PIT_P_ID": null,
      "W_PIT_
2025-06-13 21:30:04,036 - ERROR - 응답 뒤 500자: ffffcc">
               <tr>
                  <td>
                      <code><pre>

&lt;!-- Web.Config 구성 파일 --&gt;

&lt;configuration&gt;
    &lt;system.web&gt;
        &lt;customErrors mode=&quot;RemoteOnly&quot; defaultRedirect=&quot;mycustompage.htm&quot;/&gt;
    &lt;/system.web&gt;
&lt;/configuration&gt;</pre>                      </code>

                  </td>
               </tr>
            </table>

            <br>

            </font>

    </body>
</html>

2025-06-13 21:30:07,041 - WARNING - 수집된 경기 데이터가 없습니다.
2025-06-13 21:30:07,042 - INFO - 크롤링 완료
2025-06-15 16:23:59,055 - ERROR - 페이지 로딩 실패 (시도 1/3): Message: 

2025-06-15 16:24:30,084 - ERROR - 페이지 로딩 실패 (시도 2/3): Message: 

2025-06-15 16:25:00,740 - ERROR - 페이지 로딩 실패 (시도 3/3): Message: 

2025-06-15 16:25:26,473 - ERROR - 페이지 로딩 실패 (시도 1/3): Message: 

2025-06-15 16:25:57,132 - ERROR - 페이지 로딩 실패 (시도 2/3): Message: 

2025-06-15 16:26:27,786 - ERROR - 페이지 로딩 실패 (시도 3/3): Message: 

2025-06-15 16:26:53,429 - ERROR - 페이지 로딩 실패 (시도 1/3): Message: 

2025-06-15 16:27:24,109 - ERROR - 페이지 로딩 실패 (시도 2/3): Message: 

2025-06-15 16:27:54,760 - ERROR - 페이지 로딩 실패 (시도 3/3): Message: 

2025-06-15 12:28:56,014 - INFO - ====== WebDriver manager ======
2025-06-15 12:28:56,150 - INFO - Get LATEST chromedriver version for google-chrome
2025-06-15 12:28:56,209 - INFO - Get LATEST chromedriver version for google-chrome
2025-06-15 12:28:56,251 - INFO - There is no [linux64] chromedriver "137.0.7151.70" for browser google-chrome "137.0.7151" in cache
2025-06-15 12:28:56,251 - INFO - Get LATEST chromedriver version for google-chrome
2025-06-15 12:28:56,370 - INFO - WebDriver version 137.0.7151.70 selected
2025-06-15 12:28:56,373 - INFO - Modern chrome version https://storage.googleapis.com/chrome-for-testing-public/137.0.7151.70/linux64/chromedriver-linux64.zip
2025-06-15 12:28:56,373 - INFO - About to download new driver from https://storage.googleapis.com/chrome-for-testing-public/137.0.7151.70/linux64/chromedriver-linux64.zip
2025-06-15 12:28:56,421 - INFO - Driver downloading response is 200
2025-06-15 12:28:56,553 - INFO - Get LATEST chromedriver version for google-chrome
2025-06-15 12:28:56,711 - INFO - Driver has been saved in cache [/home/runner/.wdm/drivers/chromedriver/linux64/137.0.7151.70]
2025-06-15 12:28:57,083 - INFO - 페이지 로딩 시도 1/3: https://m.sports.naver.com/kbaseball/schedule/index?date=2025-06-15
2025-06-15 12:29:25,089 - WARNING - 경기 목록을 찾을 수 없음 (시도 1/3)
2025-06-15 12:29:30,089 - INFO - 페이지 로딩 시도 2/3: https://m.sports.naver.com/kbaseball/schedule/index?date=2025-06-15
2025-06-15 12:29:55,990 - WARNING - 경기 목록을 찾을 수 없음 (시도 2/3)
2025-06-15 12:30:00,990 - INFO - 페이지 로딩 시도 3/3: https://m.sports.naver.com/kbaseball/schedule/index?date=2025-06-15
2025-06-15 12:30:26,763 - WARNING - 경기 목록을 찾을 수 없음 (시도 3/3)
